[01:47:12] [main/INFO] (Launcher) ModLauncher running: args [--launchTarget, forgeclientuserdev, --version, 21.1.84, --assetIndex, 1.21.1-17, --assetsDir, /home/raul/.gradle/caches/fabric-loom/assets, --gameDir, ., --fml.neoForgeVersion, 21.1.84, --fml.fmlVersion, 4.0.34, --fml.mcVersion, 1.21.1, --fml.neoFormVersion, 20240808.144430, --username, macuguita, --uuid, 0e56050b-ee27-478a-a345-d2b384919081]
[01:47:12] [main/INFO] (Launcher) JVM identified as Arch Linux OpenJDK 64-Bit Server VM 21.0.6+7
[01:47:12] [main/INFO] (Launcher) ModLauncher 11.0.4+main.d2e20e43 starting: java version 21.0.6 by Arch Linux; OS Linux arch amd64 version 6.13.5-arch1-1
[01:47:12] [main/INFO] (ImmediateWindowHandler) Loading ImmediateWindowProvider fmlearlywindow
[01:47:12] [main/INFO] (EARLYDISPLAY) Trying GL version 4.6
[01:47:12] [main/INFO] (EARLYDISPLAY) Requested GL version 4.6 got version 4.6
[01:47:12] [main/INFO] (mixin) SpongePowered MIXIN Subsystem Version=0.8.7 Source=union:/home/raul/.gradle/caches/modules-2/files-2.1/net.fabricmc/sponge-mixin/0.15.2+mixin.0.8.7/2af2f021d8e02a0220dc27a7a72b4666d66d44ca/sponge-mixin-0.15.2+mixin.0.8.7.jar%23103!/ Service=ModLauncher Env=CLIENT
[01:47:13] [main/INFO] (ModDiscoverer) Found mod file "neoforge-21.1.84-minecraft-merged-1.21.1-loom.mappings.1_21_1.layered+hash.477322616-v2-neoforge-21.1.84.jar" [locator: neoforge devenv provider ([/home/raul/.gradle/caches/fabric-loom/minecraftMaven/net/minecraft/neoforge-21.1.84-minecraft-merged/1.21.1-loom.mappings.1_21_1.layered+hash.477322616-v2-neoforge-21.1.84/neoforge-21.1.84-minecraft-merged-1.21.1-loom.mappings.1_21_1.layered+hash.477322616-v2-neoforge-21.1.84.jar])]
[01:47:13] [pool-5-thread-1/INFO] (EARLYDISPLAY) GL info: NVIDIA GeForce RTX 4060/PCIe/SSE2 GL version 4.6.0 NVIDIA 570.124.04, NVIDIA Corporation
[01:47:13] [main/INFO] (ModDiscoverer) Found mod file "neoforge-21.1.84-minecraft-merged-1.21.1-loom.mappings.1_21_1.layered+hash.477322616-v2-neoforge-21.1.84.jar" [locator: neoforge devenv provider ([/home/raul/.gradle/caches/fabric-loom/minecraftMaven/net/minecraft/neoforge-21.1.84-minecraft-merged/1.21.1-loom.mappings.1_21_1.layered+hash.477322616-v2-neoforge-21.1.84/neoforge-21.1.84-minecraft-merged-1.21.1-loom.mappings.1_21_1.layered+hash.477322616-v2-neoforge-21.1.84.jar])]
[01:47:13] [main/INFO] (ModDiscoverer) Found mod file "main" [locator: userdev mods and services, reader: mod manifest]
[01:47:13] [main/INFO] (ModDiscoverer) Found mod file "neoforge-21.1.84-minecraft-merged-1.21.1-loom.mappings.1_21_1.layered+hash.477322616-v2-neoforge-21.1.84.jar" [locator: userdev mods and services, reader: mod manifest]
[01:47:13] [main/INFO] (ModDiscoverer) Found mod file "architectury-neoforge-13.0.8.jar" [locator: userdev mods and services, reader: mod manifest]
[01:47:13] [main/INFO] (ModDiscoverer) Found mod file "12080523714964892399.jar" [locator: userdev mods and services, reader: mod manifest]
[01:47:13] [main/INFO] (ModDiscoverer) Found gamelibrary file "mixinextras-neoforge-0.4.1.jar" [locator: userdev mods and services, reader: mod manifest]
[01:47:13] [main/WARN] (JarSelector) Attempted to select a dependency jar for JarJar which was passed in as source: library:mixinextras.neoforge. Using Mod File: /home/raul/.gradle/caches/modules-2/files-2.1/io.github.llamalad7/mixinextras-neoforge/0.4.1/eff97772ecd0dcf8e52cdbafd3b3ccec425f8314/mixinextras-neoforge-0.4.1.jar
[01:47:13] [main/INFO] (JarInJarDependencyLocator) Found 1 dependencies adding them to mods collection
[01:47:13] [main/INFO] (ModDiscoverer) Found library file "neoforge-coremods-21.1.84.jar" [parent: neoforge-21.1.84-minecraft-merged-1.21.1-loom.mappings.1_21_1.layered+hash.477322616-v2-neoforge-21.1.84.jar, locator: jarinjar, reader: mod manifest]
[01:47:13] [main/INFO] (ModDiscoverer) 
     Mod List:
		Name Version (Mod Id)

		Architectury 13.0.8 (architectury)
		generated_88f5c91 1 (generated_88f5c91)
		macu lib 1.0.0-neoforge (macu_lib)
		Minecraft 1.21.1 (minecraft)
		NeoForge 21.1.84 (neoforge)
[01:47:13] [main/INFO] (mixin) Compatibility level set to JAVA_17
[01:47:13] [main/INFO] (LaunchServiceHandler) Launching target 'forgeclientuserdev' with arguments [--version, 21.1.84, --gameDir, ., --assetsDir, /home/raul/.gradle/caches/fabric-loom/assets, --uuid, 0e56050b-ee27-478a-a345-d2b384919081, --assetIndex, 1.21.1-17, --username, macuguita]
[01:47:13] [main/INFO] (unprotect) Found 8262 Minecraft classes
[01:47:13] [main/INFO] (MixinExtras|Service) Initializing MixinExtras via com.llamalad7.mixinextras.service.MixinExtrasServiceImpl(version=0.4.1).
[09Mar2025 01:47:14.690] [Datafixer Bootstrap/INFO] [com.mojang.datafixers.DataFixerBuilder/]: 229 Datafixer optimizations took 124 milliseconds
[09Mar2025 01:47:17.411] [main/WARN] [net.minecraft.server.command.CommandManager/]: Ambiguity between arguments [teleport, location] and [teleport, destination] with inputs: [0.1 -0.5 .9, 0 0 0]
[09Mar2025 01:47:17.412] [main/WARN] [net.minecraft.server.command.CommandManager/]: Ambiguity between arguments [teleport, location] and [teleport, targets] with inputs: [0.1 -0.5 .9, 0 0 0]
[09Mar2025 01:47:17.413] [main/WARN] [net.minecraft.server.command.CommandManager/]: Ambiguity between arguments [teleport, destination] and [teleport, targets] with inputs: [Player, 0123, @e, dd12be42-52a9-4a91-a8a1-11c01849e498]
[09Mar2025 01:47:17.414] [main/WARN] [net.minecraft.server.command.CommandManager/]: Ambiguity between arguments [teleport, targets] and [teleport, destination] with inputs: [Player, 0123, dd12be42-52a9-4a91-a8a1-11c01849e498]
[09Mar2025 01:47:17.414] [main/WARN] [net.minecraft.server.command.CommandManager/]: Ambiguity between arguments [teleport, targets, location] and [teleport, targets, destination] with inputs: [0.1 -0.5 .9, 0 0 0]
[09Mar2025 01:47:17.495] [Render thread/WARN] [net.minecraft.resource.DefaultResourcePackBuilder/]: Assets URL 'union:/home/raul/.gradle/caches/fabric-loom/minecraftMaven/net/minecraft/neoforge-21.1.84-minecraft-merged/1.21.1-loom.mappings.1_21_1.layered+hash.477322616-v2-neoforge-21.1.84/neoforge-21.1.84-minecraft-merged-1.21.1-loom.mappings.1_21_1.layered+hash.477322616-v2-neoforge-21.1.84.jar%23175!/assets/.mcassetsroot' uses unexpected schema
[09Mar2025 01:47:17.495] [Render thread/WARN] [net.minecraft.resource.DefaultResourcePackBuilder/]: Assets URL 'union:/home/raul/.gradle/caches/fabric-loom/minecraftMaven/net/minecraft/neoforge-21.1.84-minecraft-merged/1.21.1-loom.mappings.1_21_1.layered+hash.477322616-v2-neoforge-21.1.84/neoforge-21.1.84-minecraft-merged-1.21.1-loom.mappings.1_21_1.layered+hash.477322616-v2-neoforge-21.1.84.jar%23175!/data/.mcassetsroot' uses unexpected schema
[09Mar2025 01:47:17.507] [Render thread/INFO] [com.mojang.authlib.yggdrasil.YggdrasilAuthenticationService/]: Environment: Environment[sessionHost=https://sessionserver.mojang.com, servicesHost=https://api.minecraftservices.com, name=PROD]
[09Mar2025 01:47:17.512] [Render thread/INFO] [net.minecraft.client.MinecraftClient/]: Setting user: macuguita
[09Mar2025 01:47:17.553] [Render thread/INFO] [net.minecraft.client.MinecraftClient/]: Backend library: LWJGL version 3.3.3+5
[09Mar2025 01:47:17.669] [modloading-worker-0/INFO] [net.neoforged.neoforge.common.NeoForgeMod/NEOFORGE-MOD]: NeoForge mod loading, version 21.1.84, for MC 1.21.1
[09Mar2025 01:47:17.989] [modloading-worker-0/INFO] [macu_lib/]: Roles cache updated at Sun Mar 09 01:47:17 CET 2025
[09Mar2025 01:47:17.990] [modloading-worker-0/INFO] [macu_lib/]: RoleChecker initialized with cache refresh every 60 minutes.
[09Mar2025 01:47:18.277] [Render thread/INFO] [net.neoforged.neoforge.gametest.GameTestHooks/]: Enabled Gametest Namespaces: []
[09Mar2025 01:47:18.346] [Render thread/INFO] [net.minecraft.resource.ReloadableResourceManagerImpl/]: Reloading ResourceManager: vanilla, mod_resources, mod/generated_88f5c91, mod/macu_lib, mod/architectury, mod/neoforge
[09Mar2025 01:47:18.398] [Worker-Main-13/INFO] [net.minecraft.client.font.UnihexFont/]: Found unifont_all_no_pua-15.1.05.hex, loading
[09Mar2025 01:47:18.423] [Worker-Main-1/INFO] [net.minecraft.client.font.UnihexFont/]: Found unifont_jp_patch-15.1.05.hex, loading
[09Mar2025 01:47:19.244] [Render thread/WARN] [net.minecraft.client.sound.SoundSystem/]: Missing sound for event: minecraft:item.goat_horn.play
[09Mar2025 01:47:19.244] [Render thread/WARN] [net.minecraft.client.sound.SoundSystem/]: Missing sound for event: minecraft:entity.goat.screaming.horn_break
[09Mar2025 01:47:19.296] [Render thread/INFO] [net.minecraft.client.sound.SoundEngine/]: OpenAL initialized on device AD107 High Definition Audio Controller Digital Stereo (HDMI)
[09Mar2025 01:47:19.297] [Render thread/INFO] [net.minecraft.client.sound.SoundSystem/SOUNDS]: Sound engine started
[09Mar2025 01:47:19.389] [Render thread/INFO] [net.minecraft.client.texture.SpriteAtlasTexture/]: Created: 1024x512x4 minecraft:textures/atlas/blocks.png-atlas
[09Mar2025 01:47:19.394] [Render thread/INFO] [net.minecraft.client.texture.SpriteAtlasTexture/]: Created: 256x256x4 minecraft:textures/atlas/signs.png-atlas
[09Mar2025 01:47:19.394] [Render thread/INFO] [net.minecraft.client.texture.SpriteAtlasTexture/]: Created: 512x512x4 minecraft:textures/atlas/shield_patterns.png-atlas
[09Mar2025 01:47:19.394] [Render thread/INFO] [net.minecraft.client.texture.SpriteAtlasTexture/]: Created: 512x512x4 minecraft:textures/atlas/banner_patterns.png-atlas
[09Mar2025 01:47:19.395] [Render thread/INFO] [net.minecraft.client.texture.SpriteAtlasTexture/]: Created: 1024x1024x4 minecraft:textures/atlas/armor_trims.png-atlas
[09Mar2025 01:47:19.397] [Render thread/INFO] [net.minecraft.client.texture.SpriteAtlasTexture/]: Created: 256x256x4 minecraft:textures/atlas/chest.png-atlas
[09Mar2025 01:47:19.397] [Render thread/INFO] [net.minecraft.client.texture.SpriteAtlasTexture/]: Created: 128x64x4 minecraft:textures/atlas/decorated_pot.png-atlas
[09Mar2025 01:47:19.397] [Render thread/INFO] [net.minecraft.client.texture.SpriteAtlasTexture/]: Created: 512x256x4 minecraft:textures/atlas/shulker_boxes.png-atlas
[09Mar2025 01:47:19.398] [Render thread/INFO] [net.minecraft.client.texture.SpriteAtlasTexture/]: Created: 512x256x4 minecraft:textures/atlas/beds.png-atlas
[09Mar2025 01:47:19.496] [Render thread/INFO] [net.minecraft.client.texture.SpriteAtlasTexture/]: Created: 512x256x0 minecraft:textures/atlas/particles.png-atlas
[09Mar2025 01:47:19.497] [Render thread/INFO] [net.minecraft.client.texture.SpriteAtlasTexture/]: Created: 512x256x0 minecraft:textures/atlas/paintings.png-atlas
[09Mar2025 01:47:19.497] [Render thread/INFO] [net.minecraft.client.texture.SpriteAtlasTexture/]: Created: 256x128x0 minecraft:textures/atlas/mob_effects.png-atlas
[09Mar2025 01:47:19.497] [Render thread/INFO] [net.minecraft.client.texture.SpriteAtlasTexture/]: Created: 64x64x0 minecraft:textures/atlas/map_decorations.png-atlas
[09Mar2025 01:47:19.497] [Render thread/INFO] [net.minecraft.client.texture.SpriteAtlasTexture/]: Created: 1024x512x0 minecraft:textures/atlas/gui.png-atlas
[09Mar2025 01:47:19.511] [Render thread/WARN] [net.minecraft.client.gl.ShaderProgram/]: Shader rendertype_entity_translucent_emissive could not find sampler named Sampler2 in the specified shader program.
[09Mar2025 01:47:19.543] [Render thread/INFO] [net.neoforged.neoforge.client.entity.animation.json.AnimationLoader/]: Loaded 0 entity animations
[09Mar2025 01:47:34.870] [Render thread/INFO] [net.minecraft.client.MinecraftClient/]: Stopping!
