[00:42:12] [main/INFO] (FabricLoader/GameProvider) Loading Minecraft 1.20.1 with Fabric Loader 0.16.10
[00:42:13] [main/INFO] (FabricLoader) Loading 60 mods:
	- fabric-api 0.92.3+1.20.1
	- fabric-api-base 0.4.31+1802ada577
	- fabric-api-lookup-api-v1 1.6.36+1802ada577
	- fabric-biome-api-v1 13.0.13+1802ada577
	- fabric-block-api-v1 1.0.11+1802ada577
	- fabric-block-view-api-v2 1.0.1+1802ada577
	- fabric-blockrenderlayer-v1 1.1.41+1802ada577
	- fabric-client-tags-api-v1 1.1.2+1802ada577
	- fabric-command-api-v1 1.2.34+f71b366f77
	- fabric-command-api-v2 2.2.13+1802ada577
	- fabric-commands-v0 0.2.51+df3654b377
	- fabric-containers-v0 0.1.65+df3654b377
	- fabric-content-registries-v0 4.0.12+1802ada577
	- fabric-convention-tags-v1 1.5.5+1802ada577
	- fabric-crash-report-info-v1 0.2.19+1802ada577
	- fabric-data-attachment-api-v1 1.0.1+de0fd6d177
	- fabric-data-generation-api-v1 12.3.5+1802ada577
	- fabric-dimensions-v1 2.1.54+1802ada577
	- fabric-entity-events-v1 1.6.0+1c78457f77
	- fabric-events-interaction-v0 0.6.3+13a40c6677
	- fabric-events-lifecycle-v0 0.2.63+df3654b377
	- fabric-game-rule-api-v1 1.0.40+1802ada577
	- fabric-gametest-api-v1 1.2.14+1802ada577
	- fabric-item-api-v1 2.1.28+1802ada577
	- fabric-item-group-api-v1 4.0.13+1802ada577
	- fabric-key-binding-api-v1 1.0.37+1802ada577
	- fabric-keybindings-v0 0.2.35+df3654b377
	- fabric-lifecycle-events-v1 2.2.22+1802ada577
	- fabric-loot-api-v2 1.2.2+1802ada577
	- fabric-loot-tables-v1 1.1.46+9e7660c677
	- fabric-message-api-v1 5.1.9+1802ada577
	- fabric-mining-level-api-v1 2.1.51+1802ada577
	- fabric-model-loading-api-v1 1.0.3+1802ada577
	- fabric-models-v0 0.4.2+9386d8a777
	- fabric-networking-api-v1 1.3.12+13a40c6677
	- fabric-networking-v0 0.3.52+df3654b377
	- fabric-object-builder-api-v1 11.1.4+1802ada577
	- fabric-particles-v1 1.1.2+1802ada577
	- fabric-recipe-api-v1 1.0.22+1802ada577
	- fabric-registry-sync-v0 2.3.4+1802ada577
	- fabric-renderer-api-v1 3.2.1+1802ada577
	- fabric-renderer-indigo 1.5.2+85287f9f77
	- fabric-renderer-registries-v1 3.2.46+df3654b377
	- fabric-rendering-data-attachment-v1 0.3.37+92a0d36777
	- fabric-rendering-fluids-v1 3.0.28+1802ada577
	- fabric-rendering-v0 1.1.49+df3654b377
	- fabric-rendering-v1 3.0.8+1802ada577
	- fabric-resource-conditions-api-v1 2.3.8+1802ada577
	- fabric-resource-loader-v0 0.11.11+fb82e9d777
	- fabric-screen-api-v1 2.0.8+1802ada577
	- fabric-screen-handler-api-v1 1.3.31+1802ada577
	- fabric-sound-api-v1 1.0.13+1802ada577
	- fabric-transfer-api-v1 3.3.5+8dd72ea377
	- fabric-transitive-access-wideners-v1 4.3.1+1802ada577
	- fabricloader 0.16.10
	- generated_8072d1b 1.0.0
	- java 21
	- macu_lib 1.0.0
	- minecraft 1.20.1
	- mixinextras 0.4.1
[00:42:13] [main/INFO] (FabricLoader/Mixin) SpongePowered MIXIN Subsystem Version=0.8.7 Source=file:/home/raul/.gradle/caches/modules-2/files-2.1/net.fabricmc/sponge-mixin/0.15.4+mixin.0.8.7/6a12aacc794f1078458433116e9ed42c1cc98096/sponge-mixin-0.15.4+mixin.0.8.7.jar Service=Knot/Fabric Env=CLIENT
[00:42:13] [main/INFO] (FabricLoader/Mixin) Loaded Fabric development mappings for mixin remapper!
[00:42:13] [main/INFO] (FabricLoader/Mixin) Compatibility level set to JAVA_16
[00:42:13] [main/INFO] (FabricLoader/Mixin) Compatibility level set to JAVA_17
[00:42:13] [main/INFO] (FabricLoader/MixinExtras|Service) Initializing MixinExtras via com.llamalad7.mixinextras.service.MixinExtrasServiceImpl(version=0.4.1).
[00:42:16] [Datafixer Bootstrap/INFO] (Minecraft) 188 Datafixer optimizations took 59 milliseconds
[00:42:16] [Render thread/INFO] (Minecraft) Environment: authHost='https://authserver.mojang.com', accountsHost='https://api.mojang.com', sessionHost='https://sessionserver.mojang.com', servicesHost='https://api.minecraftservices.com', name='PROD'
[00:42:17] [Render thread/ERROR] (Minecraft) Failed to verify authentication
com.mojang.authlib.exceptions.InvalidCredentialsException: Status: 401
	at com.mojang.authlib.exceptions.MinecraftClientHttpException.toAuthenticationException(MinecraftClientHttpException.java:56) ~[authlib-4.0.43.jar:?]
	at com.mojang.authlib.yggdrasil.YggdrasilUserApiService.fetchProperties(YggdrasilUserApiService.java:156) ~[authlib-4.0.43.jar:?]
	at com.mojang.authlib.yggdrasil.YggdrasilUserApiService.<init>(YggdrasilUserApiService.java:55) ~[authlib-4.0.43.jar:?]
	at com.mojang.authlib.yggdrasil.YggdrasilAuthenticationService.createUserApiService(YggdrasilAuthenticationService.java:124) ~[authlib-4.0.43.jar:?]
	at net.minecraft.client.MinecraftClient.createUserApiService(MinecraftClient.java:733) ~[minecraft-merged-3dd8ea0749-1.20.1-net.fabricmc.yarn.1_20_1.1.20.1+build.1-v2.jar:?]
	at net.minecraft.client.MinecraftClient.<init>(MinecraftClient.java:442) ~[minecraft-merged-3dd8ea0749-1.20.1-net.fabricmc.yarn.1_20_1.1.20.1+build.1-v2.jar:?]
	at net.minecraft.client.main.Main.main(Main.java:211) ~[minecraft-merged-3dd8ea0749-1.20.1-net.fabricmc.yarn.1_20_1.1.20.1+build.1-v2.jar:?]
	at net.fabricmc.loader.impl.game.minecraft.MinecraftGameProvider.launch(MinecraftGameProvider.java:480) ~[fabric-loader-0.16.10.jar:?]
	at net.fabricmc.loader.impl.launch.knot.Knot.launch(Knot.java:74) ~[fabric-loader-0.16.10.jar:?]
	at net.fabricmc.loader.impl.launch.knot.KnotClient.main(KnotClient.java:23) ~[fabric-loader-0.16.10.jar:?]
	at net.fabricmc.devlaunchinjector.Main.main(Main.java:86) ~[dev-launch-injector-0.2.1+build.8.jar:?]
	at dev.architectury.transformer.TransformerRuntime.main(TransformerRuntime.java:220) ~[architectury-transformer-5.2.87-runtime.jar:?]
Caused by: com.mojang.authlib.exceptions.MinecraftClientHttpException: Status: 401
	at com.mojang.authlib.minecraft.client.MinecraftClient.readInputStream(MinecraftClient.java:85) ~[authlib-4.0.43.jar:?]
	at com.mojang.authlib.minecraft.client.MinecraftClient.get(MinecraftClient.java:48) ~[authlib-4.0.43.jar:?]
	at com.mojang.authlib.yggdrasil.YggdrasilUserApiService.fetchProperties(YggdrasilUserApiService.java:129) ~[authlib-4.0.43.jar:?]
	... 10 more
[00:42:17] [Render thread/INFO] (Minecraft) Setting user: macuguita
[00:42:17] [Render thread/INFO] (macu_lib) Roles cache updated at Sun Mar 09 00:42:17 CET 2025
[00:42:17] [Render thread/INFO] (macu_lib) RoleChecker initialized with cache refresh every 60 minutes.
[00:42:17] [Render thread/INFO] (Indigo) [Indigo] Registering Indigo renderer!
[00:42:17] [Render thread/INFO] (Minecraft) Backend library: LWJGL version 3.3.2-snapshot
[00:42:17] [Render thread/INFO] (Minecraft) [STDERR]: [LWJGL] [ThreadLocalUtil] Unsupported JNI version detected, this may result in a crash. Please inform LWJGL developers.
[00:42:18] [Render thread/INFO] (Minecraft) Reloading ResourceManager: vanilla, fabric (fabric-screen-api-v1, fabric-gametest-api-v1, fabric-item-group-api-v1, fabric-convention-tags-v1, fabric-command-api-v2, fabric-keybindings-v0, fabric-events-interaction-v0, fabric-transfer-api-v1, fabric-client-tags-api-v1, fabric-data-generation-api-v1, fabric-resource-conditions-api-v1, fabric-screen-handler-api-v1, fabric-biome-api-v1, fabric-loot-api-v2, fabric-model-loading-api-v1, fabric-rendering-v1, fabric-api, fabric-data-attachment-api-v1, fabric-key-binding-api-v1, fabricloader, fabric-renderer-indigo, fabric-command-api-v1, fabric-block-api-v1, fabric-game-rule-api-v1, fabric-message-api-v1, fabric-item-api-v1, fabric-rendering-fluids-v1, fabric-registry-sync-v0, fabric-entity-events-v1, fabric-loot-tables-v1, fabric-lifecycle-events-v1, fabric-dimensions-v1, fabric-crash-report-info-v1, fabric-recipe-api-v1, fabric-mining-level-api-v1, fabric-models-v0, fabric-object-builder-api-v1, fabric-renderer-registries-v1, fabric-block-view-api-v2, fabric-particles-v1, fabric-networking-api-v1, fabric-commands-v0, fabric-resource-loader-v0, fabric-rendering-v0, fabric-events-lifecycle-v0, fabric-renderer-api-v1, fabric-content-registries-v0, fabric-api-base, fabric-blockrenderlayer-v1, fabric-networking-v0, fabric-transitive-access-wideners-v1, fabric-rendering-data-attachment-v1, fabric-sound-api-v1, generated_8072d1b, fabric-api-lookup-api-v1, fabric-containers-v0)
[00:42:18] [Worker-Main-13/INFO] (Minecraft) Found unifont_all_no_pua-15.0.06.hex, loading
[00:42:18] [Realms Notification Availability checker #1/INFO] (Minecraft) Could not authorize you against Realms server: Invalid session id
[00:42:19] [Render thread/WARN] (Minecraft) Missing sound for event: minecraft:item.goat_horn.play
[00:42:19] [Render thread/WARN] (Minecraft) Missing sound for event: minecraft:entity.goat.screaming.horn_break
[00:42:19] [Render thread/INFO] (Minecraft) OpenAL initialized on device AD107 High Definition Audio Controller Digital Stereo (HDMI)
[00:42:19] [Render thread/INFO] (Minecraft) Sound engine started
[00:42:19] [Render thread/INFO] (Minecraft) Created: 1024x512x4 minecraft:textures/atlas/blocks.png-atlas
[00:42:19] [Render thread/INFO] (Minecraft) Created: 256x256x4 minecraft:textures/atlas/signs.png-atlas
[00:42:19] [Render thread/INFO] (Minecraft) Created: 512x512x4 minecraft:textures/atlas/shield_patterns.png-atlas
[00:42:19] [Render thread/INFO] (Minecraft) Created: 512x512x4 minecraft:textures/atlas/banner_patterns.png-atlas
[00:42:19] [Render thread/INFO] (Minecraft) Created: 1024x1024x4 minecraft:textures/atlas/armor_trims.png-atlas
[00:42:19] [Render thread/INFO] (Minecraft) Created: 128x64x4 minecraft:textures/atlas/decorated_pot.png-atlas
[00:42:19] [Render thread/INFO] (Minecraft) Created: 256x256x4 minecraft:textures/atlas/chest.png-atlas
[00:42:19] [Render thread/INFO] (Minecraft) Created: 512x256x4 minecraft:textures/atlas/shulker_boxes.png-atlas
[00:42:19] [Render thread/INFO] (Minecraft) Created: 512x256x4 minecraft:textures/atlas/beds.png-atlas
[00:42:19] [Render thread/WARN] (Minecraft) Shader rendertype_entity_translucent_emissive could not find sampler named Sampler2 in the specified shader program.
[00:42:19] [Render thread/INFO] (Minecraft) Created: 256x256x0 minecraft:textures/atlas/particles.png-atlas
[00:42:19] [Render thread/INFO] (Minecraft) Created: 256x256x0 minecraft:textures/atlas/paintings.png-atlas
[00:42:19] [Render thread/INFO] (Minecraft) Created: 128x128x0 minecraft:textures/atlas/mob_effects.png-atlas
[00:42:29] [Render thread/INFO] (Minecraft) Loaded 7 recipes
[00:42:30] [Render thread/INFO] (Minecraft) Loaded 1271 advancements
[00:42:30] [Render thread/INFO] (BiomeModificationImpl) Applied 0 biome modifications to 0 of 64 new biomes in 820.4 μs
[00:42:30] [Server thread/INFO] (Minecraft) Starting integrated minecraft server version 1.20.1
[00:42:30] [Server thread/INFO] (Minecraft) Generating keypair
[00:42:30] [Server thread/INFO] (Minecraft) Preparing start region for dimension minecraft:overworld
[00:42:32] [Render thread/INFO] (Minecraft) Preparing spawn area: 0%
[00:42:32] [Render thread/INFO] (Minecraft) Preparing spawn area: 0%
[00:42:32] [Render thread/INFO] (Minecraft) Preparing spawn area: 0%
[00:42:32] [Render thread/INFO] (Minecraft) Preparing spawn area: 31%
[00:42:32] [Render thread/INFO] (Minecraft) Time elapsed: 1733 ms
[00:42:32] [Server thread/INFO] (Minecraft) Changing view distance to 12, from 10
[00:42:32] [Server thread/INFO] (Minecraft) Changing simulation distance to 12, from 0
[00:42:33] [Server thread/INFO] (Minecraft) macuguita[local:E:474f04c0] logged in with entity id 175 at (-145.7529451472221, 72.0, 34.68693278262201)
[00:42:33] [Server thread/INFO] (Minecraft) macuguita joined the game
[00:42:33] [Render thread/INFO] (Minecraft) Loaded 2 advancements
[00:42:49] [Server thread/INFO] (Minecraft) [Not Secure] <macuguita> a
[00:42:49] [Render thread/INFO] (Minecraft) [CHAT] <macuguita> a
[00:43:49] [Server thread/INFO] (Minecraft) [macuguita: Set the time to 6000]
[00:43:49] [Render thread/INFO] (Minecraft) [System] [CHAT] Set the time to 6000
[00:43:53] [Server thread/INFO] (Minecraft) macuguita has reached the goal [Sky's the Limit]
[00:43:53] [Render thread/INFO] (Minecraft) [System] [CHAT] macuguita has reached the goal [Sky's the Limit]
[00:43:53] [Render thread/INFO] (Minecraft) Loaded 7 advancements
[00:44:05] [Render thread/INFO] (Minecraft) Loaded 16 advancements
[00:45:10] [Server thread/INFO] (Minecraft) Saving and pausing game...
[00:45:10] [Server thread/INFO] (Minecraft) Saving chunks for level 'ServerLevel[New World]'/minecraft:overworld
[00:45:10] [Server thread/INFO] (Minecraft) Saving chunks for level 'ServerLevel[New World]'/minecraft:the_end
[00:45:10] [Server thread/INFO] (Minecraft) Saving chunks for level 'ServerLevel[New World]'/minecraft:the_nether
[00:45:16] [Server thread/INFO] (Minecraft) Saving and pausing game...
[00:45:16] [Server thread/INFO] (Minecraft) Saving chunks for level 'ServerLevel[New World]'/minecraft:overworld
[00:45:16] [Server thread/INFO] (Minecraft) Saving chunks for level 'ServerLevel[New World]'/minecraft:the_end
[00:45:16] [Server thread/INFO] (Minecraft) Saving chunks for level 'ServerLevel[New World]'/minecraft:the_nether
[00:45:34] [Render thread/INFO] (Minecraft) Stopping!
[00:45:34] [Sound engine/ERROR] (Minecraft) Stop: Invalid name parameter.
[00:45:34] [Server thread/INFO] (Minecraft) macuguita lost connection: Disconnected
[00:45:34] [Server thread/INFO] (Minecraft) macuguita left the game
[00:45:34] [Server thread/INFO] (Minecraft) Stopping singleplayer server as player logged out
[00:45:34] [Server thread/INFO] (Minecraft) Stopping server
[00:45:34] [Server thread/INFO] (Minecraft) Saving players
[00:45:34] [Server thread/INFO] (Minecraft) Saving worlds
[00:45:34] [Server thread/INFO] (Minecraft) Saving chunks for level 'ServerLevel[New World]'/minecraft:overworld
[00:45:35] [Server thread/INFO] (Minecraft) Saving chunks for level 'ServerLevel[New World]'/minecraft:the_end
[00:45:35] [Server thread/INFO] (Minecraft) Saving chunks for level 'ServerLevel[New World]'/minecraft:the_nether
[00:45:35] [Server thread/INFO] (Minecraft) ThreadedAnvilChunkStorage (New World): All chunks are saved
[00:45:35] [Server thread/INFO] (Minecraft) ThreadedAnvilChunkStorage (DIM1): All chunks are saved
[00:45:35] [Server thread/INFO] (Minecraft) ThreadedAnvilChunkStorage (DIM-1): All chunks are saved
[00:45:35] [Server thread/INFO] (Minecraft) ThreadedAnvilChunkStorage: All dimensions are saved
